// Jest Snapshot v1, https://goo.gl/fbAQLP

exports[`renders correctly 1`] = `
<ul
  className="todo-list"
>
  <li
    className="todo-list-item incomplete"
  >
    <label>
      <input
        checked={false}
        onChange={[Function]}
        type="checkbox"
      />
      Item One
    </label>
  </li>
  <li
    className="todo-list-item completed"
  >
    <label>
      <input
        checked={true}
        onChange={[Function]}
        type="checkbox"
      />
      Item Two
    </label>
  </li>
  <li
    className="todo-list-item completed"
  >
    <label>
      <input
        checked={true}
        onChange={[Function]}
        type="checkbox"
      />
      Item Three
    </label>
  </li>
</ul>
`;
