// Jest Snapshot v1, https://goo.gl/fbAQLP

exports[`renders correctly 1`] = `
<li
  className="todo-list-item completed"
>
  <label>
    <input
      checked={true}
      onChange={[Function]}
      type="checkbox"
    />
    Test Item
  </label>
</li>
`;
